// Jest Snapshot v1, https://goo.gl/fbAQLP

exports[`Chat component render 1`] = `
ShallowWrapper {
  Symbol(enzyme.__root__): [Circular],
  Symbol(enzyme.__unrendered__): <Chat />,
  Symbol(enzyme.__renderer__): Object {
    "batchedUpdates": [Function],
    "getNode": [Function],
    "render": [Function],
    "simulateError": [Function],
    "simulateEvent": [Function],
    "unmount": [Function],
  },
  Symbol(enzyme.__node__): Object {
    "instance": null,
    "key": undefined,
    "nodeType": "host",
    "props": Object {
      "children": Array [
        <div
          className="login-form"
        >
          <input
            onChange={[Function]}
            placeholder="Nick"
            type="text"
            value="Guest"
          />
          <button
            onClick={[Function]}
          >
            Login
          </button>
        </div>,
        false,
      ],
    },
    "ref": null,
    "rendered": Array [
      Object {
        "instance": null,
        "key": undefined,
        "nodeType": "host",
        "props": Object {
          "children": Array [
            <input
              onChange={[Function]}
              placeholder="Nick"
              type="text"
              value="Guest"
            />,
            <button
              onClick={[Function]}
            >
              Login
            </button>,
          ],
          "className": "login-form",
        },
        "ref": null,
        "rendered": Array [
          Object {
            "instance": null,
            "key": undefined,
            "nodeType": "host",
            "props": Object {
              "onChange": [Function],
              "placeholder": "Nick",
              "type": "text",
              "value": "Guest",
            },
            "ref": null,
            "rendered": null,
            "type": "input",
          },
          Object {
            "instance": null,
            "key": undefined,
            "nodeType": "host",
            "props": Object {
              "children": "Login",
              "onClick": [Function],
            },
            "ref": null,
            "rendered": "Login",
            "type": "button",
          },
        ],
        "type": "div",
      },
      false,
    ],
    "type": "div",
  },
  Symbol(enzyme.__nodes__): Array [
    Object {
      "instance": null,
      "key": undefined,
      "nodeType": "host",
      "props": Object {
        "children": Array [
          <div
            className="login-form"
          >
            <input
              onChange={[Function]}
              placeholder="Nick"
              type="text"
              value="Guest"
            />
            <button
              onClick={[Function]}
            >
              Login
            </button>
          </div>,
          false,
        ],
      },
      "ref": null,
      "rendered": Array [
        Object {
          "instance": null,
          "key": undefined,
          "nodeType": "host",
          "props": Object {
            "children": Array [
              <input
                onChange={[Function]}
                placeholder="Nick"
                type="text"
                value="Guest"
              />,
              <button
                onClick={[Function]}
              >
                Login
              </button>,
            ],
            "className": "login-form",
          },
          "ref": null,
          "rendered": Array [
            Object {
              "instance": null,
              "key": undefined,
              "nodeType": "host",
              "props": Object {
                "onChange": [Function],
                "placeholder": "Nick",
                "type": "text",
                "value": "Guest",
              },
              "ref": null,
              "rendered": null,
              "type": "input",
            },
            Object {
              "instance": null,
              "key": undefined,
              "nodeType": "host",
              "props": Object {
                "children": "Login",
                "onClick": [Function],
              },
              "ref": null,
              "rendered": "Login",
              "type": "button",
            },
          ],
          "type": "div",
        },
        false,
      ],
      "type": "div",
    },
  ],
  Symbol(enzyme.__options__): Object {
    "adapter": ReactSixteenAdapter {
      "options": Object {
        "enableComponentDidUpdateOnSetState": true,
        "lifecycles": Object {
          "componentDidUpdate": Object {
            "onSetState": true,
          },
          "getDerivedStateFromProps": true,
          "getSnapshotBeforeUpdate": true,
          "setState": Object {
            "skipsComponentDidUpdateOnNullish": true,
          },
        },
      },
    },
  },
}
`;
